 ERR_PNPM_NO_SCRIPT  Missing script: build

Command "build" not found.
